Archive member included to satisfy reference by file (symbol)

/opt/Atollic_TrueSTUDIO_for_STM32_x86_64_9.3.0/ARMTools/bin/../lib/gcc/arm-atollic-eabi/6.3.1/../../../../arm-atollic-eabi/lib/armv7-m/libc_nano.a(lib_a-init.o)
                              src/startup_stm32f10x_md.o (__libc_init_array)

Discarded input sections

 .text          0x0000000000000000        0x0 /opt/Atollic_TrueSTUDIO_for_STM32_x86_64_9.3.0/ARMTools/bin/../lib/gcc/arm-atollic-eabi/6.3.1/armv7-m/crti.o
 .data          0x0000000000000000        0x0 /opt/Atollic_TrueSTUDIO_for_STM32_x86_64_9.3.0/ARMTools/bin/../lib/gcc/arm-atollic-eabi/6.3.1/armv7-m/crti.o
 .bss           0x0000000000000000        0x0 /opt/Atollic_TrueSTUDIO_for_STM32_x86_64_9.3.0/ARMTools/bin/../lib/gcc/arm-atollic-eabi/6.3.1/armv7-m/crti.o
 .data          0x0000000000000000        0x4 /opt/Atollic_TrueSTUDIO_for_STM32_x86_64_9.3.0/ARMTools/bin/../lib/gcc/arm-atollic-eabi/6.3.1/armv7-m/crtbegin.o
 .text          0x0000000000000000        0x0 periph_source/LCD.o
 .data          0x0000000000000000        0x0 periph_source/LCD.o
 .bss           0x0000000000000000        0x0 periph_source/LCD.o
 .text          0x0000000000000000        0x0 periph_source/i2c.o
 .data          0x0000000000000000        0x0 periph_source/i2c.o
 .bss           0x0000000000000000        0x0 periph_source/i2c.o
 .text.i2c_read_ack
                0x0000000000000000       0x50 periph_source/i2c.o
 .text.i2c_read_nack
                0x0000000000000000       0x40 periph_source/i2c.o
 .text          0x0000000000000000        0x0 periph_source/timer.o
 .data          0x0000000000000000        0x0 periph_source/timer.o
 .bss           0x0000000000000000        0x0 periph_source/timer.o
 .text.timer_init
                0x0000000000000000       0x54 periph_source/timer.o
 .text          0x0000000000000000        0x0 src/main.o
 .data          0x0000000000000000        0x0 src/main.o
 .bss           0x0000000000000000        0x0 src/main.o
 .text          0x0000000000000000       0x14 src/startup_stm32f10x_md.o
 .data          0x0000000000000000        0x0 src/startup_stm32f10x_md.o
 .bss           0x0000000000000000        0x0 src/startup_stm32f10x_md.o
 .text          0x0000000000000000        0x0 src/system_stm32f10x.o
 .data          0x0000000000000000        0x0 src/system_stm32f10x.o
 .bss           0x0000000000000000        0x0 src/system_stm32f10x.o
 .text          0x0000000000000000        0x0 /opt/Atollic_TrueSTUDIO_for_STM32_x86_64_9.3.0/ARMTools/bin/../lib/gcc/arm-atollic-eabi/6.3.1/../../../../arm-atollic-eabi/lib/armv7-m/libc_nano.a(lib_a-init.o)
 .data          0x0000000000000000        0x0 /opt/Atollic_TrueSTUDIO_for_STM32_x86_64_9.3.0/ARMTools/bin/../lib/gcc/arm-atollic-eabi/6.3.1/../../../../arm-atollic-eabi/lib/armv7-m/libc_nano.a(lib_a-init.o)
 .bss           0x0000000000000000        0x0 /opt/Atollic_TrueSTUDIO_for_STM32_x86_64_9.3.0/ARMTools/bin/../lib/gcc/arm-atollic-eabi/6.3.1/../../../../arm-atollic-eabi/lib/armv7-m/libc_nano.a(lib_a-init.o)
 .text          0x0000000000000000        0x0 /opt/Atollic_TrueSTUDIO_for_STM32_x86_64_9.3.0/ARMTools/bin/../lib/gcc/arm-atollic-eabi/6.3.1/armv7-m/crtend.o
 .data          0x0000000000000000        0x0 /opt/Atollic_TrueSTUDIO_for_STM32_x86_64_9.3.0/ARMTools/bin/../lib/gcc/arm-atollic-eabi/6.3.1/armv7-m/crtend.o
 .bss           0x0000000000000000        0x0 /opt/Atollic_TrueSTUDIO_for_STM32_x86_64_9.3.0/ARMTools/bin/../lib/gcc/arm-atollic-eabi/6.3.1/armv7-m/crtend.o
 .eh_frame      0x0000000000000000        0x4 /opt/Atollic_TrueSTUDIO_for_STM32_x86_64_9.3.0/ARMTools/bin/../lib/gcc/arm-atollic-eabi/6.3.1/armv7-m/crtend.o
 .ARM.attributes
                0x0000000000000000       0x2d /opt/Atollic_TrueSTUDIO_for_STM32_x86_64_9.3.0/ARMTools/bin/../lib/gcc/arm-atollic-eabi/6.3.1/armv7-m/crtend.o
 .text          0x0000000000000000        0x0 /opt/Atollic_TrueSTUDIO_for_STM32_x86_64_9.3.0/ARMTools/bin/../lib/gcc/arm-atollic-eabi/6.3.1/armv7-m/crtn.o
 .data          0x0000000000000000        0x0 /opt/Atollic_TrueSTUDIO_for_STM32_x86_64_9.3.0/ARMTools/bin/../lib/gcc/arm-atollic-eabi/6.3.1/armv7-m/crtn.o
 .bss           0x0000000000000000        0x0 /opt/Atollic_TrueSTUDIO_for_STM32_x86_64_9.3.0/ARMTools/bin/../lib/gcc/arm-atollic-eabi/6.3.1/armv7-m/crtn.o

Memory Configuration

Name             Origin             Length             Attributes
FLASH            0x0000000008000000 0x0000000000020000 xr
RAM              0x0000000020000000 0x0000000000005000 xrw
MEMORY_B1        0x0000000060000000 0x0000000000000000 xr
*default*        0x0000000000000000 0xffffffffffffffff

Linker script and memory map

LOAD /opt/Atollic_TrueSTUDIO_for_STM32_x86_64_9.3.0/ARMTools/bin/../lib/gcc/arm-atollic-eabi/6.3.1/armv7-m/crti.o
LOAD /opt/Atollic_TrueSTUDIO_for_STM32_x86_64_9.3.0/ARMTools/bin/../lib/gcc/arm-atollic-eabi/6.3.1/armv7-m/crtbegin.o
LOAD periph_source/LCD.o
LOAD periph_source/i2c.o
LOAD periph_source/timer.o
LOAD src/main.o
LOAD src/startup_stm32f10x_md.o
LOAD src/system_stm32f10x.o
                0x0000000000000080                malloc_getpagesize_P = 0x80
START GROUP
LOAD /opt/Atollic_TrueSTUDIO_for_STM32_x86_64_9.3.0/ARMTools/bin/../lib/gcc/arm-atollic-eabi/6.3.1/../../../../arm-atollic-eabi/lib/armv7-m/libc_nano.a
LOAD /opt/Atollic_TrueSTUDIO_for_STM32_x86_64_9.3.0/ARMTools/bin/../lib/gcc/arm-atollic-eabi/6.3.1/../../../../arm-atollic-eabi/lib/armv7-m/libm.a
END GROUP
START GROUP
LOAD /opt/Atollic_TrueSTUDIO_for_STM32_x86_64_9.3.0/ARMTools/bin/../lib/gcc/arm-atollic-eabi/6.3.1/armv7-m/libgcc.a
LOAD /opt/Atollic_TrueSTUDIO_for_STM32_x86_64_9.3.0/ARMTools/bin/../lib/gcc/arm-atollic-eabi/6.3.1/../../../../arm-atollic-eabi/lib/armv7-m/libc_nano.a
END GROUP
START GROUP
LOAD /opt/Atollic_TrueSTUDIO_for_STM32_x86_64_9.3.0/ARMTools/bin/../lib/gcc/arm-atollic-eabi/6.3.1/armv7-m/libgcc.a
LOAD /opt/Atollic_TrueSTUDIO_for_STM32_x86_64_9.3.0/ARMTools/bin/../lib/gcc/arm-atollic-eabi/6.3.1/../../../../arm-atollic-eabi/lib/armv7-m/libc_nano.a
LOAD /opt/Atollic_TrueSTUDIO_for_STM32_x86_64_9.3.0/ARMTools/bin/../lib/gcc/arm-atollic-eabi/6.3.1/../../../../arm-atollic-eabi/lib/armv7-m/libnosys.a
END GROUP
START GROUP
LOAD /opt/Atollic_TrueSTUDIO_for_STM32_x86_64_9.3.0/ARMTools/bin/../lib/gcc/arm-atollic-eabi/6.3.1/armv7-m/libgcc.a
LOAD /opt/Atollic_TrueSTUDIO_for_STM32_x86_64_9.3.0/ARMTools/bin/../lib/gcc/arm-atollic-eabi/6.3.1/../../../../arm-atollic-eabi/lib/armv7-m/libc_nano.a
LOAD /opt/Atollic_TrueSTUDIO_for_STM32_x86_64_9.3.0/ARMTools/bin/../lib/gcc/arm-atollic-eabi/6.3.1/../../../../arm-atollic-eabi/lib/armv7-m/libnosys.a
END GROUP
LOAD /opt/Atollic_TrueSTUDIO_for_STM32_x86_64_9.3.0/ARMTools/bin/../lib/gcc/arm-atollic-eabi/6.3.1/armv7-m/crtend.o
LOAD /opt/Atollic_TrueSTUDIO_for_STM32_x86_64_9.3.0/ARMTools/bin/../lib/gcc/arm-atollic-eabi/6.3.1/armv7-m/crtn.o
                0x0000000020005000                _estack = 0x20005000
                0x0000000000000000                _Min_Heap_Size = 0x0
                0x0000000000000100                _Min_Stack_Size = 0x100

.isr_vector     0x0000000008000000      0x10c
                0x0000000008000000                . = ALIGN (0x4)
 *(.isr_vector)
 .isr_vector    0x0000000008000000      0x10c src/startup_stm32f10x_md.o
                0x0000000008000000                g_pfnVectors
                0x000000000800010c                . = ALIGN (0x4)

.text           0x000000000800010c      0x87c
                0x000000000800010c                . = ALIGN (0x4)
 *(.text)
 .text          0x000000000800010c       0x40 /opt/Atollic_TrueSTUDIO_for_STM32_x86_64_9.3.0/ARMTools/bin/../lib/gcc/arm-atollic-eabi/6.3.1/armv7-m/crtbegin.o
 *(.text*)
 .text.lcd_put_data
                0x000000000800014c       0x76 periph_source/LCD.o
                0x000000000800014c                lcd_put_data
 .text.lcd_put_string
                0x00000000080001c2       0x28 periph_source/LCD.o
                0x00000000080001c2                lcd_put_string
 .text.lcd_put_cmd
                0x00000000080001ea       0x7c periph_source/LCD.o
                0x00000000080001ea                lcd_put_cmd
 .text.lcd_put_curs
                0x0000000008000266       0x2e periph_source/LCD.o
                0x0000000008000266                lcd_put_curs
 .text.lcd_init
                0x0000000008000294       0xb6 periph_source/LCD.o
                0x0000000008000294                lcd_init
 *fill*         0x000000000800034a        0x2 
 .text.i2c_init
                0x000000000800034c       0xb4 periph_source/i2c.o
                0x000000000800034c                i2c_init
 .text.i2c_start
                0x0000000008000400       0x40 periph_source/i2c.o
                0x0000000008000400                i2c_start
 .text.i2c_write
                0x0000000008000440       0x40 periph_source/i2c.o
                0x0000000008000440                i2c_write
 .text.i2c_address
                0x0000000008000480       0x44 periph_source/i2c.o
                0x0000000008000480                i2c_address
 .text.i2c_stop
                0x00000000080004c4       0x20 periph_source/i2c.o
                0x00000000080004c4                i2c_stop
 .text.i2c_write_multi
                0x00000000080004e4       0x68 periph_source/i2c.o
                0x00000000080004e4                i2c_write_multi
 .text.delay_ms
                0x000000000800054c       0x2e periph_source/timer.o
                0x000000000800054c                delay_ms
 .text.delay_us
                0x000000000800057a       0x2c periph_source/timer.o
                0x000000000800057a                delay_us
 *fill*         0x00000000080005a6        0x2 
 .text.main     0x00000000080005a8       0x4c src/main.o
                0x00000000080005a8                main
 .text.makeItGoFast
                0x00000000080005f4       0x94 src/main.o
                0x00000000080005f4                makeItGoFast
 .text.Reset_Handler
                0x0000000008000688       0x50 src/startup_stm32f10x_md.o
                0x0000000008000688                Reset_Handler
 .text.Default_Handler
                0x00000000080006d8        0x2 src/startup_stm32f10x_md.o
                0x00000000080006d8                EXTI2_IRQHandler
                0x00000000080006d8                DebugMon_Handler
                0x00000000080006d8                TIM1_CC_IRQHandler
                0x00000000080006d8                HardFault_Handler
                0x00000000080006d8                SysTick_Handler
                0x00000000080006d8                PVD_IRQHandler
                0x00000000080006d8                PendSV_Handler
                0x00000000080006d8                NMI_Handler
                0x00000000080006d8                EXTI3_IRQHandler
                0x00000000080006d8                EXTI0_IRQHandler
                0x00000000080006d8                I2C2_EV_IRQHandler
                0x00000000080006d8                UsageFault_Handler
                0x00000000080006d8                ADC1_2_IRQHandler
                0x00000000080006d8                SPI1_IRQHandler
                0x00000000080006d8                TAMPER_IRQHandler
                0x00000000080006d8                DMA1_Channel4_IRQHandler
                0x00000000080006d8                USART3_IRQHandler
                0x00000000080006d8                RTC_IRQHandler
                0x00000000080006d8                DMA1_Channel7_IRQHandler
                0x00000000080006d8                CAN1_RX1_IRQHandler
                0x00000000080006d8                TIM4_IRQHandler
                0x00000000080006d8                I2C1_EV_IRQHandler
                0x00000000080006d8                DMA1_Channel6_IRQHandler
                0x00000000080006d8                TIM3_IRQHandler
                0x00000000080006d8                RCC_IRQHandler
                0x00000000080006d8                TIM1_TRG_COM_IRQHandler
                0x00000000080006d8                DMA1_Channel1_IRQHandler
                0x00000000080006d8                Default_Handler
                0x00000000080006d8                EXTI15_10_IRQHandler
                0x00000000080006d8                EXTI9_5_IRQHandler
                0x00000000080006d8                SPI2_IRQHandler
                0x00000000080006d8                MemManage_Handler
                0x00000000080006d8                SVC_Handler
                0x00000000080006d8                DMA1_Channel5_IRQHandler
                0x00000000080006d8                EXTI4_IRQHandler
                0x00000000080006d8                USB_LP_CAN1_RX0_IRQHandler
                0x00000000080006d8                USB_HP_CAN1_TX_IRQHandler
                0x00000000080006d8                DMA1_Channel3_IRQHandler
                0x00000000080006d8                TIM1_UP_IRQHandler
                0x00000000080006d8                WWDG_IRQHandler
                0x00000000080006d8                TIM2_IRQHandler
                0x00000000080006d8                TIM1_BRK_IRQHandler
                0x00000000080006d8                EXTI1_IRQHandler
                0x00000000080006d8                RTCAlarm_IRQHandler
                0x00000000080006d8                USART2_IRQHandler
                0x00000000080006d8                I2C2_ER_IRQHandler
                0x00000000080006d8                DMA1_Channel2_IRQHandler
                0x00000000080006d8                CAN1_SCE_IRQHandler
                0x00000000080006d8                FLASH_IRQHandler
                0x00000000080006d8                BusFault_Handler
                0x00000000080006d8                USART1_IRQHandler
                0x00000000080006d8                I2C1_ER_IRQHandler
                0x00000000080006d8                USBWakeUp_IRQHandler
 *fill*         0x00000000080006da        0x2 
 .text.SystemInit
                0x00000000080006dc       0x68 src/system_stm32f10x.o
                0x00000000080006dc                SystemInit
 .text.SystemCoreClockUpdate
                0x0000000008000744       0xd8 src/system_stm32f10x.o
                0x0000000008000744                SystemCoreClockUpdate
 .text.SetSysClock
                0x000000000800081c        0xc src/system_stm32f10x.o
 .text.SetSysClockTo72
                0x0000000008000828      0x100 src/system_stm32f10x.o
 .text.__libc_init_array
                0x0000000008000928       0x48 /opt/Atollic_TrueSTUDIO_for_STM32_x86_64_9.3.0/ARMTools/bin/../lib/gcc/arm-atollic-eabi/6.3.1/../../../../arm-atollic-eabi/lib/armv7-m/libc_nano.a(lib_a-init.o)
                0x0000000008000928                __libc_init_array
 *(.glue_7)
 .glue_7        0x0000000008000970        0x0 linker stubs
 *(.glue_7t)
 .glue_7t       0x0000000008000970        0x0 linker stubs
 *(.eh_frame)
 .eh_frame      0x0000000008000970        0x0 /opt/Atollic_TrueSTUDIO_for_STM32_x86_64_9.3.0/ARMTools/bin/../lib/gcc/arm-atollic-eabi/6.3.1/armv7-m/crtbegin.o
 *(.init)
 .init          0x0000000008000970        0x4 /opt/Atollic_TrueSTUDIO_for_STM32_x86_64_9.3.0/ARMTools/bin/../lib/gcc/arm-atollic-eabi/6.3.1/armv7-m/crti.o
                0x0000000008000970                _init
 .init          0x0000000008000974        0x8 /opt/Atollic_TrueSTUDIO_for_STM32_x86_64_9.3.0/ARMTools/bin/../lib/gcc/arm-atollic-eabi/6.3.1/armv7-m/crtn.o
 *(.fini)
 .fini          0x000000000800097c        0x4 /opt/Atollic_TrueSTUDIO_for_STM32_x86_64_9.3.0/ARMTools/bin/../lib/gcc/arm-atollic-eabi/6.3.1/armv7-m/crti.o
                0x000000000800097c                _fini
 .fini          0x0000000008000980        0x8 /opt/Atollic_TrueSTUDIO_for_STM32_x86_64_9.3.0/ARMTools/bin/../lib/gcc/arm-atollic-eabi/6.3.1/armv7-m/crtn.o
                0x0000000008000988                . = ALIGN (0x4)
                0x0000000008000988                _etext = .

.vfp11_veneer   0x0000000008000988        0x0
 .vfp11_veneer  0x0000000008000988        0x0 linker stubs

.v4_bx          0x0000000008000988        0x0
 .v4_bx         0x0000000008000988        0x0 linker stubs

.iplt           0x0000000008000988        0x0
 .iplt          0x0000000008000988        0x0 /opt/Atollic_TrueSTUDIO_for_STM32_x86_64_9.3.0/ARMTools/bin/../lib/gcc/arm-atollic-eabi/6.3.1/armv7-m/crtbegin.o

.rodata         0x0000000008000988       0x1c
                0x0000000008000988                . = ALIGN (0x4)
 *(.rodata)
 .rodata        0x0000000008000988       0x19 src/main.o
 *(.rodata*)
                0x00000000080009a4                . = ALIGN (0x4)
 *fill*         0x00000000080009a1        0x3 

.rel.dyn        0x00000000080009a4        0x0
 .rel.iplt      0x00000000080009a4        0x0 /opt/Atollic_TrueSTUDIO_for_STM32_x86_64_9.3.0/ARMTools/bin/../lib/gcc/arm-atollic-eabi/6.3.1/armv7-m/crtbegin.o

.ARM.extab
 *(.ARM.extab* .gnu.linkonce.armextab.*)

.ARM            0x00000000080009a4        0x0
                0x00000000080009a4                __exidx_start = .
 *(.ARM.exidx*)
                0x00000000080009a4                __exidx_end = .

.preinit_array  0x00000000080009a4        0x0
                0x00000000080009a4                PROVIDE (__preinit_array_start, .)
 *(.preinit_array*)
                0x00000000080009a4                PROVIDE (__preinit_array_end, .)

.init_array     0x00000000080009a4        0x4
                0x00000000080009a4                PROVIDE (__init_array_start, .)
 *(SORT(.init_array.*))
 *(.init_array*)
 .init_array    0x00000000080009a4        0x4 /opt/Atollic_TrueSTUDIO_for_STM32_x86_64_9.3.0/ARMTools/bin/../lib/gcc/arm-atollic-eabi/6.3.1/armv7-m/crtbegin.o
                0x00000000080009a8                PROVIDE (__init_array_end, .)

.fini_array     0x00000000080009a8        0x4
                [!provide]                        PROVIDE (__fini_array_start, .)
 *(SORT(.fini_array.*))
 *(.fini_array*)
 .fini_array    0x00000000080009a8        0x4 /opt/Atollic_TrueSTUDIO_for_STM32_x86_64_9.3.0/ARMTools/bin/../lib/gcc/arm-atollic-eabi/6.3.1/armv7-m/crtbegin.o
                [!provide]                        PROVIDE (__fini_array_end, .)
                0x00000000080009ac                _sidata = LOADADDR (.data)

.data           0x0000000020000000       0x14 load address 0x00000000080009ac
                0x0000000020000000                . = ALIGN (0x4)
                0x0000000020000000                _sdata = .
 *(.data)
 *(.data*)
 .data.SystemCoreClock
                0x0000000020000000        0x4 src/system_stm32f10x.o
                0x0000000020000000                SystemCoreClock
 .data.AHBPrescTable
                0x0000000020000004       0x10 src/system_stm32f10x.o
                0x0000000020000004                AHBPrescTable
                0x0000000020000014                . = ALIGN (0x4)
                0x0000000020000014                _edata = .

.igot.plt       0x0000000020000014        0x0 load address 0x00000000080009c0
 .igot.plt      0x0000000020000014        0x0 /opt/Atollic_TrueSTUDIO_for_STM32_x86_64_9.3.0/ARMTools/bin/../lib/gcc/arm-atollic-eabi/6.3.1/armv7-m/crtbegin.o
                0x0000000020000014                . = ALIGN (0x4)

.bss            0x0000000020000014       0x1c load address 0x00000000080009c0
                0x0000000020000014                _sbss = .
                0x0000000020000014                __bss_start__ = _sbss
 *(.bss)
 .bss           0x0000000020000014       0x1c /opt/Atollic_TrueSTUDIO_for_STM32_x86_64_9.3.0/ARMTools/bin/../lib/gcc/arm-atollic-eabi/6.3.1/armv7-m/crtbegin.o
 *(.bss*)
 *(COMMON)
                0x0000000020000030                . = ALIGN (0x4)
                0x0000000020000030                _ebss = .
                0x0000000020000030                __bss_end__ = _ebss

._user_heap_stack
                0x0000000020000030      0x100 load address 0x00000000080009c0
                0x0000000020000030                . = ALIGN (0x4)
                [!provide]                        PROVIDE (end, .)
                [!provide]                        PROVIDE (_end, .)
                0x0000000020000030                . = (. + _Min_Heap_Size)
                0x0000000020000130                . = (. + _Min_Stack_Size)
 *fill*         0x0000000020000030      0x100 
                0x0000000020000130                . = ALIGN (0x4)

.memory_b1_text
 *(.mb1text)
 *(.mb1text*)
 *(.mb1rodata)
 *(.mb1rodata*)

/DISCARD/
 libc.a(*)
 libm.a(*)
 libgcc.a(*)

.ARM.attributes
                0x0000000000000000       0x29
 *(.ARM.attributes)
 .ARM.attributes
                0x0000000000000000       0x1d /opt/Atollic_TrueSTUDIO_for_STM32_x86_64_9.3.0/ARMTools/bin/../lib/gcc/arm-atollic-eabi/6.3.1/armv7-m/crti.o
 .ARM.attributes
                0x000000000000001d       0x2d /opt/Atollic_TrueSTUDIO_for_STM32_x86_64_9.3.0/ARMTools/bin/../lib/gcc/arm-atollic-eabi/6.3.1/armv7-m/crtbegin.o
 .ARM.attributes
                0x000000000000004a       0x33 periph_source/LCD.o
 .ARM.attributes
                0x000000000000007d       0x33 periph_source/i2c.o
 .ARM.attributes
                0x00000000000000b0       0x33 periph_source/timer.o
 .ARM.attributes
                0x00000000000000e3       0x33 src/main.o
 .ARM.attributes
                0x0000000000000116       0x21 src/startup_stm32f10x_md.o
 .ARM.attributes
                0x0000000000000137       0x33 src/system_stm32f10x.o
 .ARM.attributes
                0x000000000000016a       0x2d /opt/Atollic_TrueSTUDIO_for_STM32_x86_64_9.3.0/ARMTools/bin/../lib/gcc/arm-atollic-eabi/6.3.1/../../../../arm-atollic-eabi/lib/armv7-m/libc_nano.a(lib_a-init.o)
 .ARM.attributes
                0x0000000000000197       0x1d /opt/Atollic_TrueSTUDIO_for_STM32_x86_64_9.3.0/ARMTools/bin/../lib/gcc/arm-atollic-eabi/6.3.1/armv7-m/crtn.o
OUTPUT(STM32F1_I2C_LCD.elf elf32-littlearm)

.debug_info     0x0000000000000000     0x1165
 .debug_info    0x0000000000000000      0x1fe periph_source/LCD.o
 .debug_info    0x00000000000001fe      0x410 periph_source/i2c.o
 .debug_info    0x000000000000060e      0x3fc periph_source/timer.o
 .debug_info    0x0000000000000a0a      0x228 src/main.o
 .debug_info    0x0000000000000c32       0x8c src/startup_stm32f10x_md.o
 .debug_info    0x0000000000000cbe      0x4a7 src/system_stm32f10x.o

.debug_abbrev   0x0000000000000000      0x576
 .debug_abbrev  0x0000000000000000       0xe9 periph_source/LCD.o
 .debug_abbrev  0x00000000000000e9      0x129 periph_source/i2c.o
 .debug_abbrev  0x0000000000000212      0x10b periph_source/timer.o
 .debug_abbrev  0x000000000000031d       0xd9 src/main.o
 .debug_abbrev  0x00000000000003f6       0x12 src/startup_stm32f10x_md.o
 .debug_abbrev  0x0000000000000408      0x16e src/system_stm32f10x.o

.debug_aranges  0x0000000000000000      0x150
 .debug_aranges
                0x0000000000000000       0x40 periph_source/LCD.o
 .debug_aranges
                0x0000000000000040       0x58 periph_source/i2c.o
 .debug_aranges
                0x0000000000000098       0x30 periph_source/timer.o
 .debug_aranges
                0x00000000000000c8       0x28 src/main.o
 .debug_aranges
                0x00000000000000f0       0x28 src/startup_stm32f10x_md.o
 .debug_aranges
                0x0000000000000118       0x38 src/system_stm32f10x.o

.debug_ranges   0x0000000000000000       0xf8
 .debug_ranges  0x0000000000000000       0x30 periph_source/LCD.o
 .debug_ranges  0x0000000000000030       0x48 periph_source/i2c.o
 .debug_ranges  0x0000000000000078       0x20 periph_source/timer.o
 .debug_ranges  0x0000000000000098       0x18 src/main.o
 .debug_ranges  0x00000000000000b0       0x20 src/startup_stm32f10x_md.o
 .debug_ranges  0x00000000000000d0       0x28 src/system_stm32f10x.o

.debug_line     0x0000000000000000      0xacc
 .debug_line    0x0000000000000000      0x20a periph_source/LCD.o
 .debug_line    0x000000000000020a      0x26f periph_source/i2c.o
 .debug_line    0x0000000000000479      0x1dc periph_source/timer.o
 .debug_line    0x0000000000000655      0x1c7 src/main.o
 .debug_line    0x000000000000081c       0x7c src/startup_stm32f10x_md.o
 .debug_line    0x0000000000000898      0x234 src/system_stm32f10x.o

.debug_str      0x0000000000000000      0x56c
 .debug_str     0x0000000000000000      0x1ee periph_source/LCD.o
                                        0x245 (size before relaxing)
 .debug_str     0x00000000000001ee      0x15d periph_source/i2c.o
                                        0x340 (size before relaxing)
 .debug_str     0x000000000000034b       0xf3 periph_source/timer.o
                                        0x35e (size before relaxing)
 .debug_str     0x000000000000043e       0x44 src/main.o
                                        0x258 (size before relaxing)
 .debug_str     0x0000000000000482       0xea src/system_stm32f10x.o
                                        0x340 (size before relaxing)

.comment        0x0000000000000000       0x7c
 .comment       0x0000000000000000       0x7c periph_source/LCD.o
                                         0x7d (size before relaxing)
 .comment       0x000000000000007c       0x7d periph_source/i2c.o
 .comment       0x000000000000007c       0x7d periph_source/timer.o
 .comment       0x000000000000007c       0x7d src/main.o
 .comment       0x000000000000007c       0x7d src/system_stm32f10x.o

.debug_frame    0x0000000000000000      0x384
 .debug_frame   0x0000000000000000       0xc4 periph_source/LCD.o
 .debug_frame   0x00000000000000c4      0x134 periph_source/i2c.o
 .debug_frame   0x00000000000001f8       0x7c periph_source/timer.o
 .debug_frame   0x0000000000000274       0x4c src/main.o
 .debug_frame   0x00000000000002c0       0x98 src/system_stm32f10x.o
 .debug_frame   0x0000000000000358       0x2c /opt/Atollic_TrueSTUDIO_for_STM32_x86_64_9.3.0/ARMTools/bin/../lib/gcc/arm-atollic-eabi/6.3.1/../../../../arm-atollic-eabi/lib/armv7-m/libc_nano.a(lib_a-init.o)

Cross Reference Table

Symbol                                            File
ADC1_2_IRQHandler                                 src/startup_stm32f10x_md.o
AHBPrescTable                                     src/system_stm32f10x.o
BusFault_Handler                                  src/startup_stm32f10x_md.o
CAN1_RX1_IRQHandler                               src/startup_stm32f10x_md.o
CAN1_SCE_IRQHandler                               src/startup_stm32f10x_md.o
DMA1_Channel1_IRQHandler                          src/startup_stm32f10x_md.o
DMA1_Channel2_IRQHandler                          src/startup_stm32f10x_md.o
DMA1_Channel3_IRQHandler                          src/startup_stm32f10x_md.o
DMA1_Channel4_IRQHandler                          src/startup_stm32f10x_md.o
DMA1_Channel5_IRQHandler                          src/startup_stm32f10x_md.o
DMA1_Channel6_IRQHandler                          src/startup_stm32f10x_md.o
DMA1_Channel7_IRQHandler                          src/startup_stm32f10x_md.o
DebugMon_Handler                                  src/startup_stm32f10x_md.o
Default_Handler                                   src/startup_stm32f10x_md.o
EXTI0_IRQHandler                                  src/startup_stm32f10x_md.o
EXTI15_10_IRQHandler                              src/startup_stm32f10x_md.o
EXTI1_IRQHandler                                  src/startup_stm32f10x_md.o
EXTI2_IRQHandler                                  src/startup_stm32f10x_md.o
EXTI3_IRQHandler                                  src/startup_stm32f10x_md.o
EXTI4_IRQHandler                                  src/startup_stm32f10x_md.o
EXTI9_5_IRQHandler                                src/startup_stm32f10x_md.o
FLASH_IRQHandler                                  src/startup_stm32f10x_md.o
HardFault_Handler                                 src/startup_stm32f10x_md.o
I2C1_ER_IRQHandler                                src/startup_stm32f10x_md.o
I2C1_EV_IRQHandler                                src/startup_stm32f10x_md.o
I2C2_ER_IRQHandler                                src/startup_stm32f10x_md.o
I2C2_EV_IRQHandler                                src/startup_stm32f10x_md.o
MemManage_Handler                                 src/startup_stm32f10x_md.o
NMI_Handler                                       src/startup_stm32f10x_md.o
PVD_IRQHandler                                    src/startup_stm32f10x_md.o
PendSV_Handler                                    src/startup_stm32f10x_md.o
RCC_IRQHandler                                    src/startup_stm32f10x_md.o
RTCAlarm_IRQHandler                               src/startup_stm32f10x_md.o
RTC_IRQHandler                                    src/startup_stm32f10x_md.o
Reset_Handler                                     src/startup_stm32f10x_md.o
SPI1_IRQHandler                                   src/startup_stm32f10x_md.o
SPI2_IRQHandler                                   src/startup_stm32f10x_md.o
SVC_Handler                                       src/startup_stm32f10x_md.o
SysTick_Handler                                   src/startup_stm32f10x_md.o
SystemCoreClock                                   src/system_stm32f10x.o
SystemCoreClockUpdate                             src/system_stm32f10x.o
                                                  src/main.o
SystemInit                                        src/system_stm32f10x.o
                                                  src/startup_stm32f10x_md.o
TAMPER_IRQHandler                                 src/startup_stm32f10x_md.o
TIM1_BRK_IRQHandler                               src/startup_stm32f10x_md.o
TIM1_CC_IRQHandler                                src/startup_stm32f10x_md.o
TIM1_TRG_COM_IRQHandler                           src/startup_stm32f10x_md.o
TIM1_UP_IRQHandler                                src/startup_stm32f10x_md.o
TIM2_IRQHandler                                   src/startup_stm32f10x_md.o
TIM3_IRQHandler                                   src/startup_stm32f10x_md.o
TIM4_IRQHandler                                   src/startup_stm32f10x_md.o
USART1_IRQHandler                                 src/startup_stm32f10x_md.o
USART2_IRQHandler                                 src/startup_stm32f10x_md.o
USART3_IRQHandler                                 src/startup_stm32f10x_md.o
USBWakeUp_IRQHandler                              src/startup_stm32f10x_md.o
USB_HP_CAN1_TX_IRQHandler                         src/startup_stm32f10x_md.o
USB_LP_CAN1_RX0_IRQHandler                        src/startup_stm32f10x_md.o
UsageFault_Handler                                src/startup_stm32f10x_md.o
WWDG_IRQHandler                                   src/startup_stm32f10x_md.o
__deregister_frame_info                           /opt/Atollic_TrueSTUDIO_for_STM32_x86_64_9.3.0/ARMTools/bin/../lib/gcc/arm-atollic-eabi/6.3.1/armv7-m/crtbegin.o
__dso_handle                                      /opt/Atollic_TrueSTUDIO_for_STM32_x86_64_9.3.0/ARMTools/bin/../lib/gcc/arm-atollic-eabi/6.3.1/armv7-m/crtbegin.o
__init_array_end                                  /opt/Atollic_TrueSTUDIO_for_STM32_x86_64_9.3.0/ARMTools/bin/../lib/gcc/arm-atollic-eabi/6.3.1/../../../../arm-atollic-eabi/lib/armv7-m/libc_nano.a(lib_a-init.o)
__init_array_start                                /opt/Atollic_TrueSTUDIO_for_STM32_x86_64_9.3.0/ARMTools/bin/../lib/gcc/arm-atollic-eabi/6.3.1/../../../../arm-atollic-eabi/lib/armv7-m/libc_nano.a(lib_a-init.o)
__libc_init_array                                 /opt/Atollic_TrueSTUDIO_for_STM32_x86_64_9.3.0/ARMTools/bin/../lib/gcc/arm-atollic-eabi/6.3.1/../../../../arm-atollic-eabi/lib/armv7-m/libc_nano.a(lib_a-init.o)
                                                  src/startup_stm32f10x_md.o
__preinit_array_end                               /opt/Atollic_TrueSTUDIO_for_STM32_x86_64_9.3.0/ARMTools/bin/../lib/gcc/arm-atollic-eabi/6.3.1/../../../../arm-atollic-eabi/lib/armv7-m/libc_nano.a(lib_a-init.o)
__preinit_array_start                             /opt/Atollic_TrueSTUDIO_for_STM32_x86_64_9.3.0/ARMTools/bin/../lib/gcc/arm-atollic-eabi/6.3.1/../../../../arm-atollic-eabi/lib/armv7-m/libc_nano.a(lib_a-init.o)
__register_frame_info                             /opt/Atollic_TrueSTUDIO_for_STM32_x86_64_9.3.0/ARMTools/bin/../lib/gcc/arm-atollic-eabi/6.3.1/armv7-m/crtbegin.o
_ebss                                             src/startup_stm32f10x_md.o
_edata                                            src/startup_stm32f10x_md.o
_estack                                           src/startup_stm32f10x_md.o
_fini                                             /opt/Atollic_TrueSTUDIO_for_STM32_x86_64_9.3.0/ARMTools/bin/../lib/gcc/arm-atollic-eabi/6.3.1/armv7-m/crti.o
_init                                             /opt/Atollic_TrueSTUDIO_for_STM32_x86_64_9.3.0/ARMTools/bin/../lib/gcc/arm-atollic-eabi/6.3.1/armv7-m/crti.o
                                                  /opt/Atollic_TrueSTUDIO_for_STM32_x86_64_9.3.0/ARMTools/bin/../lib/gcc/arm-atollic-eabi/6.3.1/../../../../arm-atollic-eabi/lib/armv7-m/libc_nano.a(lib_a-init.o)
_sbss                                             src/startup_stm32f10x_md.o
_sdata                                            src/startup_stm32f10x_md.o
_sidata                                           src/startup_stm32f10x_md.o
delay_ms                                          periph_source/timer.o
                                                  src/main.o
                                                  periph_source/LCD.o
delay_us                                          periph_source/timer.o
g_pfnVectors                                      src/startup_stm32f10x_md.o
i2c_address                                       periph_source/i2c.o
                                                  periph_source/LCD.o
i2c_init                                          periph_source/i2c.o
                                                  src/main.o
i2c_read_ack                                      periph_source/i2c.o
i2c_read_nack                                     periph_source/i2c.o
i2c_start                                         periph_source/i2c.o
                                                  periph_source/LCD.o
i2c_stop                                          periph_source/i2c.o
                                                  periph_source/LCD.o
i2c_write                                         periph_source/i2c.o
                                                  periph_source/LCD.o
i2c_write_multi                                   periph_source/i2c.o
                                                  periph_source/LCD.o
lcd_init                                          periph_source/LCD.o
                                                  src/main.o
lcd_put_cmd                                       periph_source/LCD.o
lcd_put_curs                                      periph_source/LCD.o
                                                  src/main.o
lcd_put_data                                      periph_source/LCD.o
lcd_put_string                                    periph_source/LCD.o
                                                  src/main.o
main                                              src/main.o
                                                  src/startup_stm32f10x_md.o
makeItGoFast                                      src/main.o
timer_init                                        periph_source/timer.o
