Archive member included to satisfy reference by file (symbol)

/opt/Atollic_TrueSTUDIO_for_STM32_x86_64_9.3.0/ARMTools/bin/../lib/gcc/arm-atollic-eabi/6.3.1/../../../../arm-atollic-eabi/lib/armv7e-m/fpu/libc_nano.a(lib_a-init.o)
                              src/startup_stm32f411xe.o (__libc_init_array)

Allocating common symbols
Common symbol       size              file

ch2_rising          0x4               src/main.o
ch2                 0x4               src/main.o
ch2_falling         0x4               src/main.o
diff                0x4               src/main.o

Discarded input sections

 .text          0x0000000000000000        0x0 /opt/Atollic_TrueSTUDIO_for_STM32_x86_64_9.3.0/ARMTools/bin/../lib/gcc/arm-atollic-eabi/6.3.1/armv7e-m/fpu/crti.o
 .data          0x0000000000000000        0x0 /opt/Atollic_TrueSTUDIO_for_STM32_x86_64_9.3.0/ARMTools/bin/../lib/gcc/arm-atollic-eabi/6.3.1/armv7e-m/fpu/crti.o
 .bss           0x0000000000000000        0x0 /opt/Atollic_TrueSTUDIO_for_STM32_x86_64_9.3.0/ARMTools/bin/../lib/gcc/arm-atollic-eabi/6.3.1/armv7e-m/fpu/crti.o
 .data          0x0000000000000000        0x4 /opt/Atollic_TrueSTUDIO_for_STM32_x86_64_9.3.0/ARMTools/bin/../lib/gcc/arm-atollic-eabi/6.3.1/armv7e-m/fpu/crtbegin.o
 .text          0x0000000000000000        0x0 periph_source/System_clock.o
 .data          0x0000000000000000        0x0 periph_source/System_clock.o
 .bss           0x0000000000000000        0x0 periph_source/System_clock.o
 .text.NVIC_EnableIRQ
                0x0000000000000000       0x34 periph_source/System_clock.o
 .text.NVIC_SetPriority
                0x0000000000000000       0x54 periph_source/System_clock.o
 .text.systick_init
                0x0000000000000000       0x50 periph_source/System_clock.o
 .text.delayms  0x0000000000000000       0x30 periph_source/System_clock.o
 .text          0x0000000000000000        0x0 periph_source/timer.o
 .data          0x0000000000000000        0x0 periph_source/timer.o
 .bss           0x0000000000000000        0x0 periph_source/timer.o
 .text          0x0000000000000000        0x0 src/main.o
 .data          0x0000000000000000        0x0 src/main.o
 .bss           0x0000000000000000        0x0 src/main.o
 .text          0x0000000000000000       0x14 src/startup_stm32f411xe.o
 .data          0x0000000000000000        0x0 src/startup_stm32f411xe.o
 .bss           0x0000000000000000        0x0 src/startup_stm32f411xe.o
 .text          0x0000000000000000        0x0 src/system_stm32f4xx.o
 .data          0x0000000000000000        0x0 src/system_stm32f4xx.o
 .bss           0x0000000000000000        0x0 src/system_stm32f4xx.o
 .text          0x0000000000000000        0x0 /opt/Atollic_TrueSTUDIO_for_STM32_x86_64_9.3.0/ARMTools/bin/../lib/gcc/arm-atollic-eabi/6.3.1/../../../../arm-atollic-eabi/lib/armv7e-m/fpu/libc_nano.a(lib_a-init.o)
 .data          0x0000000000000000        0x0 /opt/Atollic_TrueSTUDIO_for_STM32_x86_64_9.3.0/ARMTools/bin/../lib/gcc/arm-atollic-eabi/6.3.1/../../../../arm-atollic-eabi/lib/armv7e-m/fpu/libc_nano.a(lib_a-init.o)
 .bss           0x0000000000000000        0x0 /opt/Atollic_TrueSTUDIO_for_STM32_x86_64_9.3.0/ARMTools/bin/../lib/gcc/arm-atollic-eabi/6.3.1/../../../../arm-atollic-eabi/lib/armv7e-m/fpu/libc_nano.a(lib_a-init.o)
 .text          0x0000000000000000        0x0 /opt/Atollic_TrueSTUDIO_for_STM32_x86_64_9.3.0/ARMTools/bin/../lib/gcc/arm-atollic-eabi/6.3.1/armv7e-m/fpu/crtend.o
 .data          0x0000000000000000        0x0 /opt/Atollic_TrueSTUDIO_for_STM32_x86_64_9.3.0/ARMTools/bin/../lib/gcc/arm-atollic-eabi/6.3.1/armv7e-m/fpu/crtend.o
 .bss           0x0000000000000000        0x0 /opt/Atollic_TrueSTUDIO_for_STM32_x86_64_9.3.0/ARMTools/bin/../lib/gcc/arm-atollic-eabi/6.3.1/armv7e-m/fpu/crtend.o
 .eh_frame      0x0000000000000000        0x4 /opt/Atollic_TrueSTUDIO_for_STM32_x86_64_9.3.0/ARMTools/bin/../lib/gcc/arm-atollic-eabi/6.3.1/armv7e-m/fpu/crtend.o
 .ARM.attributes
                0x0000000000000000       0x34 /opt/Atollic_TrueSTUDIO_for_STM32_x86_64_9.3.0/ARMTools/bin/../lib/gcc/arm-atollic-eabi/6.3.1/armv7e-m/fpu/crtend.o
 .text          0x0000000000000000        0x0 /opt/Atollic_TrueSTUDIO_for_STM32_x86_64_9.3.0/ARMTools/bin/../lib/gcc/arm-atollic-eabi/6.3.1/armv7e-m/fpu/crtn.o
 .data          0x0000000000000000        0x0 /opt/Atollic_TrueSTUDIO_for_STM32_x86_64_9.3.0/ARMTools/bin/../lib/gcc/arm-atollic-eabi/6.3.1/armv7e-m/fpu/crtn.o
 .bss           0x0000000000000000        0x0 /opt/Atollic_TrueSTUDIO_for_STM32_x86_64_9.3.0/ARMTools/bin/../lib/gcc/arm-atollic-eabi/6.3.1/armv7e-m/fpu/crtn.o

Memory Configuration

Name             Origin             Length             Attributes
FLASH            0x0000000008000000 0x0000000000080000 xr
RAM              0x0000000020000000 0x0000000000020000 xrw
MEMORY_B1        0x0000000060000000 0x0000000000000000 xr
*default*        0x0000000000000000 0xffffffffffffffff

Linker script and memory map

LOAD /opt/Atollic_TrueSTUDIO_for_STM32_x86_64_9.3.0/ARMTools/bin/../lib/gcc/arm-atollic-eabi/6.3.1/armv7e-m/fpu/crti.o
LOAD /opt/Atollic_TrueSTUDIO_for_STM32_x86_64_9.3.0/ARMTools/bin/../lib/gcc/arm-atollic-eabi/6.3.1/armv7e-m/fpu/crtbegin.o
LOAD periph_source/System_clock.o
LOAD periph_source/timer.o
LOAD src/main.o
LOAD src/startup_stm32f411xe.o
LOAD src/system_stm32f4xx.o
                0x0000000000000080                malloc_getpagesize_P = 0x80
START GROUP
LOAD /opt/Atollic_TrueSTUDIO_for_STM32_x86_64_9.3.0/ARMTools/bin/../lib/gcc/arm-atollic-eabi/6.3.1/../../../../arm-atollic-eabi/lib/armv7e-m/fpu/libc_nano.a
LOAD /opt/Atollic_TrueSTUDIO_for_STM32_x86_64_9.3.0/ARMTools/bin/../lib/gcc/arm-atollic-eabi/6.3.1/../../../../arm-atollic-eabi/lib/armv7e-m/fpu/libm.a
END GROUP
START GROUP
LOAD /opt/Atollic_TrueSTUDIO_for_STM32_x86_64_9.3.0/ARMTools/bin/../lib/gcc/arm-atollic-eabi/6.3.1/armv7e-m/fpu/libgcc.a
LOAD /opt/Atollic_TrueSTUDIO_for_STM32_x86_64_9.3.0/ARMTools/bin/../lib/gcc/arm-atollic-eabi/6.3.1/../../../../arm-atollic-eabi/lib/armv7e-m/fpu/libc_nano.a
END GROUP
START GROUP
LOAD /opt/Atollic_TrueSTUDIO_for_STM32_x86_64_9.3.0/ARMTools/bin/../lib/gcc/arm-atollic-eabi/6.3.1/armv7e-m/fpu/libgcc.a
LOAD /opt/Atollic_TrueSTUDIO_for_STM32_x86_64_9.3.0/ARMTools/bin/../lib/gcc/arm-atollic-eabi/6.3.1/../../../../arm-atollic-eabi/lib/armv7e-m/fpu/libc_nano.a
LOAD /opt/Atollic_TrueSTUDIO_for_STM32_x86_64_9.3.0/ARMTools/bin/../lib/gcc/arm-atollic-eabi/6.3.1/../../../../arm-atollic-eabi/lib/armv7e-m/fpu/libnosys.a
END GROUP
START GROUP
LOAD /opt/Atollic_TrueSTUDIO_for_STM32_x86_64_9.3.0/ARMTools/bin/../lib/gcc/arm-atollic-eabi/6.3.1/armv7e-m/fpu/libgcc.a
LOAD /opt/Atollic_TrueSTUDIO_for_STM32_x86_64_9.3.0/ARMTools/bin/../lib/gcc/arm-atollic-eabi/6.3.1/../../../../arm-atollic-eabi/lib/armv7e-m/fpu/libc_nano.a
LOAD /opt/Atollic_TrueSTUDIO_for_STM32_x86_64_9.3.0/ARMTools/bin/../lib/gcc/arm-atollic-eabi/6.3.1/../../../../arm-atollic-eabi/lib/armv7e-m/fpu/libnosys.a
END GROUP
LOAD /opt/Atollic_TrueSTUDIO_for_STM32_x86_64_9.3.0/ARMTools/bin/../lib/gcc/arm-atollic-eabi/6.3.1/armv7e-m/fpu/crtend.o
LOAD /opt/Atollic_TrueSTUDIO_for_STM32_x86_64_9.3.0/ARMTools/bin/../lib/gcc/arm-atollic-eabi/6.3.1/armv7e-m/fpu/crtn.o
                0x0000000020020000                _estack = 0x20020000
                0x0000000000000000                _Min_Heap_Size = 0x0
                0x0000000000000400                _Min_Stack_Size = 0x400

.isr_vector     0x0000000008000000      0x198
                0x0000000008000000                . = ALIGN (0x4)
 *(.isr_vector)
 .isr_vector    0x0000000008000000      0x198 src/startup_stm32f411xe.o
                0x0000000008000000                g_pfnVectors
                0x0000000008000198                . = ALIGN (0x4)

.text           0x0000000008000198      0x514
                0x0000000008000198                . = ALIGN (0x4)
 *(.text)
 .text          0x0000000008000198       0x40 /opt/Atollic_TrueSTUDIO_for_STM32_x86_64_9.3.0/ARMTools/bin/../lib/gcc/arm-atollic-eabi/6.3.1/armv7e-m/fpu/crtbegin.o
 *(.text*)
 .text.clock_init
                0x00000000080001d8       0x90 periph_source/System_clock.o
                0x00000000080001d8                clock_init
 .text.SysTick_Handler
                0x0000000008000268        0xe periph_source/System_clock.o
                0x0000000008000268                SysTick_Handler
 *fill*         0x0000000008000276        0x2 
 .text.NVIC_EnableIRQ
                0x0000000008000278       0x34 periph_source/timer.o
 .text.NVIC_SetPriority
                0x00000000080002ac       0x54 periph_source/timer.o
 .text.timer2_init
                0x0000000008000300       0xc8 periph_source/timer.o
                0x0000000008000300                timer2_init
 .text.TIM2_IRQHandler
                0x00000000080003c8       0xb4 periph_source/timer.o
                0x00000000080003c8                TIM2_IRQHandler
 .text.main     0x000000000800047c       0x1a src/main.o
                0x000000000800047c                main
 *fill*         0x0000000008000496        0x2 
 .text.Reset_Handler
                0x0000000008000498       0x50 src/startup_stm32f411xe.o
                0x0000000008000498                Reset_Handler
 .text.Default_Handler
                0x00000000080004e8        0x2 src/startup_stm32f411xe.o
                0x00000000080004e8                RTC_Alarm_IRQHandler
                0x00000000080004e8                EXTI2_IRQHandler
                0x00000000080004e8                DebugMon_Handler
                0x00000000080004e8                SPI4_IRQHandler
                0x00000000080004e8                TIM1_CC_IRQHandler
                0x00000000080004e8                DMA2_Stream5_IRQHandler
                0x00000000080004e8                HardFault_Handler
                0x00000000080004e8                DMA1_Stream5_IRQHandler
                0x00000000080004e8                PVD_IRQHandler
                0x00000000080004e8                SDIO_IRQHandler
                0x00000000080004e8                TAMP_STAMP_IRQHandler
                0x00000000080004e8                PendSV_Handler
                0x00000000080004e8                NMI_Handler
                0x00000000080004e8                EXTI3_IRQHandler
                0x00000000080004e8                TIM1_UP_TIM10_IRQHandler
                0x00000000080004e8                I2C3_ER_IRQHandler
                0x00000000080004e8                EXTI0_IRQHandler
                0x00000000080004e8                I2C2_EV_IRQHandler
                0x00000000080004e8                DMA1_Stream2_IRQHandler
                0x00000000080004e8                FPU_IRQHandler
                0x00000000080004e8                UsageFault_Handler
                0x00000000080004e8                DMA2_Stream2_IRQHandler
                0x00000000080004e8                SPI1_IRQHandler
                0x00000000080004e8                TIM1_BRK_TIM9_IRQHandler
                0x00000000080004e8                DMA2_Stream3_IRQHandler
                0x00000000080004e8                USART6_IRQHandler
                0x00000000080004e8                DMA2_Stream0_IRQHandler
                0x00000000080004e8                TIM4_IRQHandler
                0x00000000080004e8                I2C1_EV_IRQHandler
                0x00000000080004e8                DMA1_Stream6_IRQHandler
                0x00000000080004e8                DMA1_Stream1_IRQHandler
                0x00000000080004e8                TIM3_IRQHandler
                0x00000000080004e8                RCC_IRQHandler
                0x00000000080004e8                Default_Handler
                0x00000000080004e8                EXTI15_10_IRQHandler
                0x00000000080004e8                ADC_IRQHandler
                0x00000000080004e8                DMA1_Stream7_IRQHandler
                0x00000000080004e8                SPI5_IRQHandler
                0x00000000080004e8                TIM5_IRQHandler
                0x00000000080004e8                DMA2_Stream7_IRQHandler
                0x00000000080004e8                I2C3_EV_IRQHandler
                0x00000000080004e8                EXTI9_5_IRQHandler
                0x00000000080004e8                RTC_WKUP_IRQHandler
                0x00000000080004e8                SPI2_IRQHandler
                0x00000000080004e8                MemManage_Handler
                0x00000000080004e8                DMA1_Stream0_IRQHandler
                0x00000000080004e8                SVC_Handler
                0x00000000080004e8                EXTI4_IRQHandler
                0x00000000080004e8                WWDG_IRQHandler
                0x00000000080004e8                OTG_FS_WKUP_IRQHandler
                0x00000000080004e8                TIM1_TRG_COM_TIM11_IRQHandler
                0x00000000080004e8                EXTI1_IRQHandler
                0x00000000080004e8                USART2_IRQHandler
                0x00000000080004e8                I2C2_ER_IRQHandler
                0x00000000080004e8                DMA2_Stream1_IRQHandler
                0x00000000080004e8                FLASH_IRQHandler
                0x00000000080004e8                DMA2_Stream4_IRQHandler
                0x00000000080004e8                BusFault_Handler
                0x00000000080004e8                USART1_IRQHandler
                0x00000000080004e8                OTG_FS_IRQHandler
                0x00000000080004e8                SPI3_IRQHandler
                0x00000000080004e8                DMA1_Stream4_IRQHandler
                0x00000000080004e8                I2C1_ER_IRQHandler
                0x00000000080004e8                DMA2_Stream6_IRQHandler
                0x00000000080004e8                DMA1_Stream3_IRQHandler
 *fill*         0x00000000080004ea        0x2 
 .text.SystemInit
                0x00000000080004ec       0x6c src/system_stm32f4xx.o
                0x00000000080004ec                SystemInit
 .text.SystemCoreClockUpdate
                0x0000000008000558       0xf4 src/system_stm32f4xx.o
                0x0000000008000558                SystemCoreClockUpdate
 .text.__libc_init_array
                0x000000000800064c       0x48 /opt/Atollic_TrueSTUDIO_for_STM32_x86_64_9.3.0/ARMTools/bin/../lib/gcc/arm-atollic-eabi/6.3.1/../../../../arm-atollic-eabi/lib/armv7e-m/fpu/libc_nano.a(lib_a-init.o)
                0x000000000800064c                __libc_init_array
 *(.glue_7)
 .glue_7        0x0000000008000694        0x0 linker stubs
 *(.glue_7t)
 .glue_7t       0x0000000008000694        0x0 linker stubs
 *(.eh_frame)
 .eh_frame      0x0000000008000694        0x0 /opt/Atollic_TrueSTUDIO_for_STM32_x86_64_9.3.0/ARMTools/bin/../lib/gcc/arm-atollic-eabi/6.3.1/armv7e-m/fpu/crtbegin.o
 *(.init)
 .init          0x0000000008000694        0x4 /opt/Atollic_TrueSTUDIO_for_STM32_x86_64_9.3.0/ARMTools/bin/../lib/gcc/arm-atollic-eabi/6.3.1/armv7e-m/fpu/crti.o
                0x0000000008000694                _init
 .init          0x0000000008000698        0x8 /opt/Atollic_TrueSTUDIO_for_STM32_x86_64_9.3.0/ARMTools/bin/../lib/gcc/arm-atollic-eabi/6.3.1/armv7e-m/fpu/crtn.o
 *(.fini)
 .fini          0x00000000080006a0        0x4 /opt/Atollic_TrueSTUDIO_for_STM32_x86_64_9.3.0/ARMTools/bin/../lib/gcc/arm-atollic-eabi/6.3.1/armv7e-m/fpu/crti.o
                0x00000000080006a0                _fini
 .fini          0x00000000080006a4        0x8 /opt/Atollic_TrueSTUDIO_for_STM32_x86_64_9.3.0/ARMTools/bin/../lib/gcc/arm-atollic-eabi/6.3.1/armv7e-m/fpu/crtn.o
                0x00000000080006ac                . = ALIGN (0x4)
                0x00000000080006ac                _etext = .

.vfp11_veneer   0x00000000080006ac        0x0
 .vfp11_veneer  0x00000000080006ac        0x0 linker stubs

.v4_bx          0x00000000080006ac        0x0
 .v4_bx         0x00000000080006ac        0x0 linker stubs

.iplt           0x00000000080006ac        0x0
 .iplt          0x00000000080006ac        0x0 /opt/Atollic_TrueSTUDIO_for_STM32_x86_64_9.3.0/ARMTools/bin/../lib/gcc/arm-atollic-eabi/6.3.1/armv7e-m/fpu/crtbegin.o

.rodata         0x00000000080006ac       0x10
                0x00000000080006ac                . = ALIGN (0x4)
 *(.rodata)
 *(.rodata*)
 .rodata.AHBPrescTable
                0x00000000080006ac       0x10 src/system_stm32f4xx.o
                0x00000000080006ac                AHBPrescTable
                0x00000000080006bc                . = ALIGN (0x4)

.rel.dyn        0x00000000080006bc        0x0
 .rel.iplt      0x00000000080006bc        0x0 /opt/Atollic_TrueSTUDIO_for_STM32_x86_64_9.3.0/ARMTools/bin/../lib/gcc/arm-atollic-eabi/6.3.1/armv7e-m/fpu/crtbegin.o

.ARM.extab
 *(.ARM.extab* .gnu.linkonce.armextab.*)

.ARM            0x00000000080006bc        0x0
                0x00000000080006bc                __exidx_start = .
 *(.ARM.exidx*)
                0x00000000080006bc                __exidx_end = .

.preinit_array  0x00000000080006bc        0x0
                0x00000000080006bc                PROVIDE (__preinit_array_start, .)
 *(.preinit_array*)
                0x00000000080006bc                PROVIDE (__preinit_array_end, .)

.init_array     0x00000000080006bc        0x4
                0x00000000080006bc                PROVIDE (__init_array_start, .)
 *(SORT(.init_array.*))
 *(.init_array*)
 .init_array    0x00000000080006bc        0x4 /opt/Atollic_TrueSTUDIO_for_STM32_x86_64_9.3.0/ARMTools/bin/../lib/gcc/arm-atollic-eabi/6.3.1/armv7e-m/fpu/crtbegin.o
                0x00000000080006c0                PROVIDE (__init_array_end, .)

.fini_array     0x00000000080006c0        0x4
                [!provide]                        PROVIDE (__fini_array_start, .)
 *(SORT(.fini_array.*))
 *(.fini_array*)
 .fini_array    0x00000000080006c0        0x4 /opt/Atollic_TrueSTUDIO_for_STM32_x86_64_9.3.0/ARMTools/bin/../lib/gcc/arm-atollic-eabi/6.3.1/armv7e-m/fpu/crtbegin.o
                [!provide]                        PROVIDE (__fini_array_end, .)
                0x00000000080006c4                _sidata = LOADADDR (.data)

.data           0x0000000020000000        0x4 load address 0x00000000080006c4
                0x0000000020000000                . = ALIGN (0x4)
                0x0000000020000000                _sdata = .
 *(.data)
 *(.data*)
 .data.SystemCoreClock
                0x0000000020000000        0x4 src/system_stm32f4xx.o
                0x0000000020000000                SystemCoreClock
                0x0000000020000004                . = ALIGN (0x4)
                0x0000000020000004                _edata = .

.igot.plt       0x0000000020000004        0x0 load address 0x00000000080006c8
 .igot.plt      0x0000000020000004        0x0 /opt/Atollic_TrueSTUDIO_for_STM32_x86_64_9.3.0/ARMTools/bin/../lib/gcc/arm-atollic-eabi/6.3.1/armv7e-m/fpu/crtbegin.o
                0x0000000020000004                . = ALIGN (0x4)

.bss            0x0000000020000004       0x2c load address 0x00000000080006c8
                0x0000000020000004                _sbss = .
                0x0000000020000004                __bss_start__ = _sbss
 *(.bss)
 .bss           0x0000000020000004       0x1c /opt/Atollic_TrueSTUDIO_for_STM32_x86_64_9.3.0/ARMTools/bin/../lib/gcc/arm-atollic-eabi/6.3.1/armv7e-m/fpu/crtbegin.o
 *(.bss*)
 *(COMMON)
 COMMON         0x0000000020000020       0x10 src/main.o
                0x0000000020000020                ch2_rising
                0x0000000020000024                ch2
                0x0000000020000028                ch2_falling
                0x000000002000002c                diff
                0x0000000020000030                . = ALIGN (0x4)
                0x0000000020000030                _ebss = .
                0x0000000020000030                __bss_end__ = _ebss

._user_heap_stack
                0x0000000020000030      0x400 load address 0x00000000080006c8
                0x0000000020000030                . = ALIGN (0x4)
                [!provide]                        PROVIDE (end, .)
                [!provide]                        PROVIDE (_end, .)
                0x0000000020000030                . = (. + _Min_Heap_Size)
                0x0000000020000430                . = (. + _Min_Stack_Size)
 *fill*         0x0000000020000030      0x400 
                0x0000000020000430                . = ALIGN (0x4)

.memory_b1_text
 *(.mb1text)
 *(.mb1text*)
 *(.mb1rodata)
 *(.mb1rodata*)

/DISCARD/
 libc.a(*)
 libm.a(*)
 libgcc.a(*)

.ARM.attributes
                0x0000000000000000       0x30
 *(.ARM.attributes)
 .ARM.attributes
                0x0000000000000000       0x22 /opt/Atollic_TrueSTUDIO_for_STM32_x86_64_9.3.0/ARMTools/bin/../lib/gcc/arm-atollic-eabi/6.3.1/armv7e-m/fpu/crti.o
 .ARM.attributes
                0x0000000000000022       0x34 /opt/Atollic_TrueSTUDIO_for_STM32_x86_64_9.3.0/ARMTools/bin/../lib/gcc/arm-atollic-eabi/6.3.1/armv7e-m/fpu/crtbegin.o
 .ARM.attributes
                0x0000000000000056       0x39 periph_source/System_clock.o
 .ARM.attributes
                0x000000000000008f       0x39 periph_source/timer.o
 .ARM.attributes
                0x00000000000000c8       0x39 src/main.o
 .ARM.attributes
                0x0000000000000101       0x21 src/startup_stm32f411xe.o
 .ARM.attributes
                0x0000000000000122       0x39 src/system_stm32f4xx.o
 .ARM.attributes
                0x000000000000015b       0x34 /opt/Atollic_TrueSTUDIO_for_STM32_x86_64_9.3.0/ARMTools/bin/../lib/gcc/arm-atollic-eabi/6.3.1/../../../../arm-atollic-eabi/lib/armv7e-m/fpu/libc_nano.a(lib_a-init.o)
 .ARM.attributes
                0x000000000000018f       0x22 /opt/Atollic_TrueSTUDIO_for_STM32_x86_64_9.3.0/ARMTools/bin/../lib/gcc/arm-atollic-eabi/6.3.1/armv7e-m/fpu/crtn.o
OUTPUT(STM32F4_TIMER_INPUTCAPTURE.elf elf32-littlearm)

.debug_info     0x0000000000000000     0x185c
 .debug_info    0x0000000000000000      0x86a periph_source/System_clock.o
 .debug_info    0x000000000000086a      0x950 periph_source/timer.o
 .debug_info    0x00000000000011ba      0x142 src/main.o
 .debug_info    0x00000000000012fc       0x96 src/startup_stm32f411xe.o
 .debug_info    0x0000000000001392      0x4ca src/system_stm32f4xx.o

.debug_abbrev   0x0000000000000000      0x507
 .debug_abbrev  0x0000000000000000      0x1ab periph_source/System_clock.o
 .debug_abbrev  0x00000000000001ab      0x184 periph_source/timer.o
 .debug_abbrev  0x000000000000032f       0xa7 src/main.o
 .debug_abbrev  0x00000000000003d6       0x12 src/startup_stm32f411xe.o
 .debug_abbrev  0x00000000000003e8      0x11f src/system_stm32f4xx.o

.debug_aranges  0x0000000000000000       0xf0
 .debug_aranges
                0x0000000000000000       0x48 periph_source/System_clock.o
 .debug_aranges
                0x0000000000000048       0x38 periph_source/timer.o
 .debug_aranges
                0x0000000000000080       0x20 src/main.o
 .debug_aranges
                0x00000000000000a0       0x28 src/startup_stm32f411xe.o
 .debug_aranges
                0x00000000000000c8       0x28 src/system_stm32f4xx.o

.debug_ranges   0x0000000000000000       0xa8
 .debug_ranges  0x0000000000000000       0x38 periph_source/System_clock.o
 .debug_ranges  0x0000000000000038       0x28 periph_source/timer.o
 .debug_ranges  0x0000000000000060       0x10 src/main.o
 .debug_ranges  0x0000000000000070       0x20 src/startup_stm32f411xe.o
 .debug_ranges  0x0000000000000090       0x18 src/system_stm32f4xx.o

.debug_line     0x0000000000000000      0x8a3
 .debug_line    0x0000000000000000      0x228 periph_source/System_clock.o
 .debug_line    0x0000000000000228      0x257 periph_source/timer.o
 .debug_line    0x000000000000047f      0x1e6 src/main.o
 .debug_line    0x0000000000000665       0x7b src/startup_stm32f411xe.o
 .debug_line    0x00000000000006e0      0x1c3 src/system_stm32f4xx.o

.debug_str      0x0000000000000000      0x8d2
 .debug_str     0x0000000000000000      0x793 periph_source/System_clock.o
                                        0x7ef (size before relaxing)
 .debug_str     0x0000000000000793       0xc8 periph_source/timer.o
                                        0x815 (size before relaxing)
 .debug_str     0x000000000000085b       0x13 src/main.o
                                        0x21b (size before relaxing)
 .debug_str     0x000000000000086e       0x64 src/system_stm32f4xx.o
                                        0x3b2 (size before relaxing)

.comment        0x0000000000000000       0x7c
 .comment       0x0000000000000000       0x7c periph_source/System_clock.o
                                         0x7d (size before relaxing)
 .comment       0x000000000000007c       0x7d periph_source/timer.o
 .comment       0x000000000000007c       0x7d src/main.o
 .comment       0x000000000000007c       0x7d src/system_stm32f4xx.o

.debug_frame    0x0000000000000000      0x230
 .debug_frame   0x0000000000000000       0xe0 periph_source/System_clock.o
 .debug_frame   0x00000000000000e0       0x9c periph_source/timer.o
 .debug_frame   0x000000000000017c       0x30 src/main.o
 .debug_frame   0x00000000000001ac       0x58 src/system_stm32f4xx.o
 .debug_frame   0x0000000000000204       0x2c /opt/Atollic_TrueSTUDIO_for_STM32_x86_64_9.3.0/ARMTools/bin/../lib/gcc/arm-atollic-eabi/6.3.1/../../../../arm-atollic-eabi/lib/armv7e-m/fpu/libc_nano.a(lib_a-init.o)

Cross Reference Table

Symbol                                            File
ADC_IRQHandler                                    src/startup_stm32f411xe.o
AHBPrescTable                                     src/system_stm32f4xx.o
BusFault_Handler                                  src/startup_stm32f411xe.o
DMA1_Stream0_IRQHandler                           src/startup_stm32f411xe.o
DMA1_Stream1_IRQHandler                           src/startup_stm32f411xe.o
DMA1_Stream2_IRQHandler                           src/startup_stm32f411xe.o
DMA1_Stream3_IRQHandler                           src/startup_stm32f411xe.o
DMA1_Stream4_IRQHandler                           src/startup_stm32f411xe.o
DMA1_Stream5_IRQHandler                           src/startup_stm32f411xe.o
DMA1_Stream6_IRQHandler                           src/startup_stm32f411xe.o
DMA1_Stream7_IRQHandler                           src/startup_stm32f411xe.o
DMA2_Stream0_IRQHandler                           src/startup_stm32f411xe.o
DMA2_Stream1_IRQHandler                           src/startup_stm32f411xe.o
DMA2_Stream2_IRQHandler                           src/startup_stm32f411xe.o
DMA2_Stream3_IRQHandler                           src/startup_stm32f411xe.o
DMA2_Stream4_IRQHandler                           src/startup_stm32f411xe.o
DMA2_Stream5_IRQHandler                           src/startup_stm32f411xe.o
DMA2_Stream6_IRQHandler                           src/startup_stm32f411xe.o
DMA2_Stream7_IRQHandler                           src/startup_stm32f411xe.o
DebugMon_Handler                                  src/startup_stm32f411xe.o
Default_Handler                                   src/startup_stm32f411xe.o
EXTI0_IRQHandler                                  src/startup_stm32f411xe.o
EXTI15_10_IRQHandler                              src/startup_stm32f411xe.o
EXTI1_IRQHandler                                  src/startup_stm32f411xe.o
EXTI2_IRQHandler                                  src/startup_stm32f411xe.o
EXTI3_IRQHandler                                  src/startup_stm32f411xe.o
EXTI4_IRQHandler                                  src/startup_stm32f411xe.o
EXTI9_5_IRQHandler                                src/startup_stm32f411xe.o
FLASH_IRQHandler                                  src/startup_stm32f411xe.o
FPU_IRQHandler                                    src/startup_stm32f411xe.o
HardFault_Handler                                 src/startup_stm32f411xe.o
I2C1_ER_IRQHandler                                src/startup_stm32f411xe.o
I2C1_EV_IRQHandler                                src/startup_stm32f411xe.o
I2C2_ER_IRQHandler                                src/startup_stm32f411xe.o
I2C2_EV_IRQHandler                                src/startup_stm32f411xe.o
I2C3_ER_IRQHandler                                src/startup_stm32f411xe.o
I2C3_EV_IRQHandler                                src/startup_stm32f411xe.o
MemManage_Handler                                 src/startup_stm32f411xe.o
NMI_Handler                                       src/startup_stm32f411xe.o
OTG_FS_IRQHandler                                 src/startup_stm32f411xe.o
OTG_FS_WKUP_IRQHandler                            src/startup_stm32f411xe.o
PVD_IRQHandler                                    src/startup_stm32f411xe.o
PendSV_Handler                                    src/startup_stm32f411xe.o
RCC_IRQHandler                                    src/startup_stm32f411xe.o
RTC_Alarm_IRQHandler                              src/startup_stm32f411xe.o
RTC_WKUP_IRQHandler                               src/startup_stm32f411xe.o
Reset_Handler                                     src/startup_stm32f411xe.o
SDIO_IRQHandler                                   src/startup_stm32f411xe.o
SPI1_IRQHandler                                   src/startup_stm32f411xe.o
SPI2_IRQHandler                                   src/startup_stm32f411xe.o
SPI3_IRQHandler                                   src/startup_stm32f411xe.o
SPI4_IRQHandler                                   src/startup_stm32f411xe.o
SPI5_IRQHandler                                   src/startup_stm32f411xe.o
SVC_Handler                                       src/startup_stm32f411xe.o
SysTick_Handler                                   periph_source/System_clock.o
SystemCoreClock                                   src/system_stm32f4xx.o
SystemCoreClockUpdate                             src/system_stm32f4xx.o
                                                  periph_source/System_clock.o
SystemInit                                        src/system_stm32f4xx.o
                                                  src/startup_stm32f411xe.o
TAMP_STAMP_IRQHandler                             src/startup_stm32f411xe.o
TIM1_BRK_TIM9_IRQHandler                          src/startup_stm32f411xe.o
TIM1_CC_IRQHandler                                src/startup_stm32f411xe.o
TIM1_TRG_COM_TIM11_IRQHandler                     src/startup_stm32f411xe.o
TIM1_UP_TIM10_IRQHandler                          src/startup_stm32f411xe.o
TIM2_IRQHandler                                   periph_source/timer.o
TIM3_IRQHandler                                   src/startup_stm32f411xe.o
TIM4_IRQHandler                                   src/startup_stm32f411xe.o
TIM5_IRQHandler                                   src/startup_stm32f411xe.o
USART1_IRQHandler                                 src/startup_stm32f411xe.o
USART2_IRQHandler                                 src/startup_stm32f411xe.o
USART6_IRQHandler                                 src/startup_stm32f411xe.o
UsageFault_Handler                                src/startup_stm32f411xe.o
WWDG_IRQHandler                                   src/startup_stm32f411xe.o
__deregister_frame_info                           /opt/Atollic_TrueSTUDIO_for_STM32_x86_64_9.3.0/ARMTools/bin/../lib/gcc/arm-atollic-eabi/6.3.1/armv7e-m/fpu/crtbegin.o
__dso_handle                                      /opt/Atollic_TrueSTUDIO_for_STM32_x86_64_9.3.0/ARMTools/bin/../lib/gcc/arm-atollic-eabi/6.3.1/armv7e-m/fpu/crtbegin.o
__init_array_end                                  /opt/Atollic_TrueSTUDIO_for_STM32_x86_64_9.3.0/ARMTools/bin/../lib/gcc/arm-atollic-eabi/6.3.1/../../../../arm-atollic-eabi/lib/armv7e-m/fpu/libc_nano.a(lib_a-init.o)
__init_array_start                                /opt/Atollic_TrueSTUDIO_for_STM32_x86_64_9.3.0/ARMTools/bin/../lib/gcc/arm-atollic-eabi/6.3.1/../../../../arm-atollic-eabi/lib/armv7e-m/fpu/libc_nano.a(lib_a-init.o)
__libc_init_array                                 /opt/Atollic_TrueSTUDIO_for_STM32_x86_64_9.3.0/ARMTools/bin/../lib/gcc/arm-atollic-eabi/6.3.1/../../../../arm-atollic-eabi/lib/armv7e-m/fpu/libc_nano.a(lib_a-init.o)
                                                  src/startup_stm32f411xe.o
__preinit_array_end                               /opt/Atollic_TrueSTUDIO_for_STM32_x86_64_9.3.0/ARMTools/bin/../lib/gcc/arm-atollic-eabi/6.3.1/../../../../arm-atollic-eabi/lib/armv7e-m/fpu/libc_nano.a(lib_a-init.o)
__preinit_array_start                             /opt/Atollic_TrueSTUDIO_for_STM32_x86_64_9.3.0/ARMTools/bin/../lib/gcc/arm-atollic-eabi/6.3.1/../../../../arm-atollic-eabi/lib/armv7e-m/fpu/libc_nano.a(lib_a-init.o)
__register_frame_info                             /opt/Atollic_TrueSTUDIO_for_STM32_x86_64_9.3.0/ARMTools/bin/../lib/gcc/arm-atollic-eabi/6.3.1/armv7e-m/fpu/crtbegin.o
_ebss                                             src/startup_stm32f411xe.o
_edata                                            src/startup_stm32f411xe.o
_estack                                           src/startup_stm32f411xe.o
_fini                                             /opt/Atollic_TrueSTUDIO_for_STM32_x86_64_9.3.0/ARMTools/bin/../lib/gcc/arm-atollic-eabi/6.3.1/armv7e-m/fpu/crti.o
_init                                             /opt/Atollic_TrueSTUDIO_for_STM32_x86_64_9.3.0/ARMTools/bin/../lib/gcc/arm-atollic-eabi/6.3.1/armv7e-m/fpu/crti.o
                                                  /opt/Atollic_TrueSTUDIO_for_STM32_x86_64_9.3.0/ARMTools/bin/../lib/gcc/arm-atollic-eabi/6.3.1/../../../../arm-atollic-eabi/lib/armv7e-m/fpu/libc_nano.a(lib_a-init.o)
_sbss                                             src/startup_stm32f411xe.o
_sdata                                            src/startup_stm32f411xe.o
_sidata                                           src/startup_stm32f411xe.o
ch2                                               src/main.o
                                                  periph_source/timer.o
ch2_falling                                       src/main.o
                                                  periph_source/timer.o
ch2_rising                                        src/main.o
                                                  periph_source/timer.o
clock_init                                        periph_source/System_clock.o
                                                  src/main.o
delayms                                           periph_source/System_clock.o
diff                                              src/main.o
                                                  periph_source/timer.o
g_pfnVectors                                      src/startup_stm32f411xe.o
main                                              src/main.o
                                                  src/startup_stm32f411xe.o
millis                                            periph_source/System_clock.o
systick_init                                      periph_source/System_clock.o
timer2_init                                       periph_source/timer.o
                                                  src/main.o
